// Jest Snapshot v1, https://goo.gl/fbAQLP

exports[`Space component renders correctly 1`] = `
<View
  style={
    Object {
      "height": undefined,
      "width": undefined,
    }
  }
/>
`;
