// Jest Snapshot v1, https://goo.gl/fbAQLP

exports[`SnackBar component renders correctly 1`] = `null`;
