// Jest Snapshot v1, https://goo.gl/fbAQLP

exports[`AppJs renders correctly 1`] = `null`;
